// Jest Snapshot v1, https://goo.gl/fbAQLP

exports[`should collect data 1`] = `
Object {
  "collectedEntities": Array [
    Object {
      "_class": Array [
        "Account",
      ],
      "_key": "azure-devops-account:local-integration-instance",
      "_rawData": Array [
        Object {
          "name": "default",
          "rawData": Object {
            "id": "azure-devops",
            "name": "Azure Devops Account",
          },
        },
      ],
      "_type": "azure_devops_account",
      "createdOn": undefined,
      "displayName": "Azure Devops - Local Integration",
      "id": "azure-devops",
      "name": "Azure Devops - Local Integration",
    },
    Object {
      "_class": Array [
        "Project",
      ],
      "_key": "46464f21-a350-4ade-8a9d-cdac1b959b21",
      "_rawData": Array [
        Object {
          "name": "default",
          "rawData": Object {
            "description": "This project isn't really quite as cool, but it's alright.",
            "id": "46464f21-a350-4ade-8a9d-cdac1b959b21",
            "lastUpdateTime": 2020-12-10T22:07:47.723Z,
            "name": "Project Beta",
            "revision": 20,
            "state": "wellFormed",
            "url": "https://dev.azure.com/tkcasey1/_apis/projects/46464f21-a350-4ade-8a9d-cdac1b959b21",
            "visibility": 0,
          },
        },
      ],
      "_type": "azure_devops_project",
      "abbreviation": undefined,
      "createdOn": undefined,
      "description": "This project isn't really quite as cool, but it's alright.",
      "displayName": "Project Beta",
      "id": "46464f21-a350-4ade-8a9d-cdac1b959b21",
      "name": "Project Beta",
      "revision": 20,
      "state": "wellFormed",
      "updatedOn": undefined,
      "visibility": 0,
      "webLink": "https://dev.azure.com/tkcasey1/_apis/projects/46464f21-a350-4ade-8a9d-cdac1b959b21",
    },
    Object {
      "_class": Array [
        "Project",
      ],
      "_key": "d5ec9e77-afa6-45c9-a2a5-2e015714f4fa",
      "_rawData": Array [
        Object {
          "name": "default",
          "rawData": Object {
            "description": "This is a great project. No, really, it is.",
            "id": "d5ec9e77-afa6-45c9-a2a5-2e015714f4fa",
            "lastUpdateTime": 2020-11-20T16:26:06.357Z,
            "name": "Initial Project",
            "revision": 12,
            "state": "wellFormed",
            "url": "https://dev.azure.com/tkcasey1/_apis/projects/d5ec9e77-afa6-45c9-a2a5-2e015714f4fa",
            "visibility": 0,
          },
        },
      ],
      "_type": "azure_devops_project",
      "abbreviation": undefined,
      "createdOn": undefined,
      "description": "This is a great project. No, really, it is.",
      "displayName": "Initial Project",
      "id": "d5ec9e77-afa6-45c9-a2a5-2e015714f4fa",
      "name": "Initial Project",
      "revision": 12,
      "state": "wellFormed",
      "updatedOn": undefined,
      "visibility": 0,
      "webLink": "https://dev.azure.com/tkcasey1/_apis/projects/d5ec9e77-afa6-45c9-a2a5-2e015714f4fa",
    },
    Object {
      "_class": Array [
        "Record",
      ],
      "_key": "d5ec9e77-afa6-45c9-a2a5-2e015714f4fa1",
      "_rawData": Array [
        Object {
          "name": "default",
          "rawData": Object {
            "commentVersionRef": Object {
              "commentId": 4793255,
              "url": "https://dev.azure.com/tkcasey1/d5ec9e77-afa6-45c9-a2a5-2e015714f4fa/_apis/wit/workItems/1/comments/4793255/versions/1",
              "version": 1,
            },
            "fields": Object {
              "Microsoft.VSTS.Common.Priority": 2,
              "Microsoft.VSTS.Common.StateChangeDate": "2020-11-17T21:18:40.36Z",
              "System.AreaId": 4,
              "System.AreaLevel1": "Initial Project",
              "System.AreaPath": "Initial Project",
              "System.AttachedFileCount": 0,
              "System.AuthorizedAs": "Kevin Casey <tkcasey1@sundevils.asu.edu>",
              "System.AuthorizedDate": "2020-11-17T21:18:40.36Z",
              "System.ChangedBy": "Kevin Casey <tkcasey1@sundevils.asu.edu>",
              "System.ChangedDate": "2020-11-17T21:18:40.36Z",
              "System.CommentCount": 1,
              "System.CreatedBy": "Kevin Casey <tkcasey1@sundevils.asu.edu>",
              "System.CreatedDate": "2020-11-17T21:18:40.36Z",
              "System.ExternalLinkCount": 0,
              "System.HyperLinkCount": 0,
              "System.Id": 1,
              "System.IterationId": 1,
              "System.IterationLevel1": "Initial Project",
              "System.IterationPath": "Initial Project",
              "System.NodeName": "Initial Project",
              "System.PersonId": 214886893,
              "System.Reason": "Added to backlog",
              "System.RelatedLinkCount": 0,
              "System.RemoteLinkCount": 0,
              "System.Rev": 1,
              "System.RevisedDate": "9999-01-01T00:00:00Z",
              "System.State": "To Do",
              "System.TeamProject": "Initial Project",
              "System.Title": "Test Epic",
              "System.Watermark": 1,
              "System.WorkItemType": "Epic",
            },
            "id": 1,
            "projectId": "d5ec9e77-afa6-45c9-a2a5-2e015714f4fa",
            "rev": 1,
          },
        },
      ],
      "_type": "azure_devops_work_item",
      "areaPath": "Initial Project",
      "changedBy": "Kevin Casey <tkcasey1@sundevils.asu.edu>",
      "changedDate": "2020-11-17T21:18:40.36Z",
      "commentCount": 1,
      "createdBy": "Kevin Casey <tkcasey1@sundevils.asu.edu>",
      "createdDate": "2020-11-17T21:18:40.36Z",
      "createdOn": undefined,
      "description": undefined,
      "displayName": "Test Epic",
      "history": undefined,
      "interationPath": "Initial Project",
      "name": "Test Epic",
      "priority": 2,
      "projectId": "d5ec9e77-afa6-45c9-a2a5-2e015714f4fa",
      "projectName": "Initial Project",
      "reason": "Added to backlog",
      "revision": 1,
      "state": "To Do",
      "stateChangeDate": "2020-11-17T21:18:40.36Z",
      "teamProject": "Initial Project",
      "type": "Epic",
      "webLink": undefined,
      "workItemType": "Epic",
    },
    Object {
      "_class": Array [
        "Record",
      ],
      "_key": "d5ec9e77-afa6-45c9-a2a5-2e015714f4fa2",
      "_rawData": Array [
        Object {
          "name": "default",
          "rawData": Object {
            "fields": Object {
              "Microsoft.VSTS.Common.Priority": 2,
              "Microsoft.VSTS.Common.StateChangeDate": "2020-11-17T21:19:19.85Z",
              "System.AreaId": 4,
              "System.AreaLevel1": "Initial Project",
              "System.AreaPath": "Initial Project",
              "System.AttachedFileCount": 0,
              "System.AuthorizedAs": "Kevin Casey <tkcasey1@sundevils.asu.edu>",
              "System.AuthorizedDate": "2020-11-17T21:19:19.85Z",
              "System.ChangedBy": "Kevin Casey <tkcasey1@sundevils.asu.edu>",
              "System.ChangedDate": "2020-11-17T21:19:19.85Z",
              "System.CommentCount": 0,
              "System.CreatedBy": "Kevin Casey <tkcasey1@sundevils.asu.edu>",
              "System.CreatedDate": "2020-11-17T21:19:19.85Z",
              "System.ExternalLinkCount": 0,
              "System.HyperLinkCount": 0,
              "System.Id": 2,
              "System.IterationId": 1,
              "System.IterationLevel1": "Initial Project",
              "System.IterationPath": "Initial Project",
              "System.NodeName": "Initial Project",
              "System.PersonId": 214886893,
              "System.Reason": "Added to backlog",
              "System.RelatedLinkCount": 0,
              "System.RemoteLinkCount": 0,
              "System.Rev": 1,
              "System.RevisedDate": "9999-01-01T00:00:00Z",
              "System.State": "To Do",
              "System.TeamProject": "Initial Project",
              "System.Title": "Top Level Task",
              "System.Watermark": 2,
              "System.WorkItemType": "Task",
            },
            "id": 2,
            "projectId": "d5ec9e77-afa6-45c9-a2a5-2e015714f4fa",
            "rev": 1,
          },
        },
      ],
      "_type": "azure_devops_work_item",
      "areaPath": "Initial Project",
      "changedBy": "Kevin Casey <tkcasey1@sundevils.asu.edu>",
      "changedDate": "2020-11-17T21:19:19.85Z",
      "commentCount": 0,
      "createdBy": "Kevin Casey <tkcasey1@sundevils.asu.edu>",
      "createdDate": "2020-11-17T21:19:19.85Z",
      "createdOn": undefined,
      "description": undefined,
      "displayName": "Top Level Task",
      "history": undefined,
      "interationPath": "Initial Project",
      "name": "Top Level Task",
      "priority": 2,
      "projectId": "d5ec9e77-afa6-45c9-a2a5-2e015714f4fa",
      "projectName": "Initial Project",
      "reason": "Added to backlog",
      "revision": 1,
      "state": "To Do",
      "stateChangeDate": "2020-11-17T21:19:19.85Z",
      "teamProject": "Initial Project",
      "type": "Task",
      "webLink": undefined,
      "workItemType": "Task",
    },
    Object {
      "_class": Array [
        "User",
      ],
      "_key": "ba1904ec-e70b-6a46-9949-131ecb022f58",
      "_rawData": Array [
        Object {
          "name": "default",
          "rawData": Object {
            "identity": Object {
              "_links": Object {
                "avatar": Object {
                  "href": "https://dev.azure.com/tkcasey1/_apis/GraphProfile/MemberAvatars/aad.YmExOTA0ZWMtZTcwYi03YTQ2LTk5NDktMTMxZWNiMDIyZjU4",
                },
              },
              "descriptor": "aad.YmExOTA0ZWMtZTcwYi03YTQ2LTk5NDktMTMxZWNiMDIyZjU4",
              "displayName": "Kevin Casey",
              "id": "ba1904ec-e70b-6a46-9949-131ecb022f58",
              "imageUrl": "https://dev.azure.com/tkcasey1/_api/_common/identityImage?id=ba1904ec-e70b-6a46-9949-131ecb022f58",
              "uniqueName": "tkcasey1@sundevils.asu.edu",
              "url": "https://spsprodcus4.vssps.visualstudio.com/Ab7805cb5-c11a-492d-a52f-d8e15210042a/_apis/Identities/ba1904ec-e70b-6a46-9949-131ecb022f58",
            },
          },
        },
      ],
      "_type": "azure_devops_user",
      "createdOn": undefined,
      "description": "aad.YmExOTA0ZWMtZTcwYi03YTQ2LTk5NDktMTMxZWNiMDIyZjU4",
      "displayName": "Kevin Casey",
      "email": "tkcasey1@sundevils.asu.edu",
      "imageLink": "https://dev.azure.com/tkcasey1/_api/_common/identityImage?id=ba1904ec-e70b-6a46-9949-131ecb022f58",
      "name": "Kevin Casey",
      "profileLink": undefined,
      "username": "tkcasey1@sundevils.asu.edu",
      "webLink": "https://spsprodcus4.vssps.visualstudio.com/Ab7805cb5-c11a-492d-a52f-d8e15210042a/_apis/Identities/ba1904ec-e70b-6a46-9949-131ecb022f58",
    },
    Object {
      "_class": Array [
        "User",
      ],
      "_key": "a6374253-7f1b-42fd-9981-30fe0d272182",
      "_rawData": Array [
        Object {
          "name": "default",
          "rawData": Object {
            "identity": Object {
              "_links": Object {
                "avatar": Object {
                  "href": "https://dev.azure.com/tkcasey1/_apis/GraphProfile/MemberAvatars/aad.YjUzMDBmMTMtODc3OC03NWQwLWEyMWQtNTRjMGJiZjAxNDQz",
                },
              },
              "descriptor": "aad.YjUzMDBmMTMtODc3OC03NWQwLWEyMWQtNTRjMGJiZjAxNDQz",
              "displayName": "Thomas Luce",
              "id": "a6374253-7f1b-42fd-9981-30fe0d272182",
              "imageUrl": "https://dev.azure.com/tkcasey1/_api/_common/identityImage?id=a6374253-7f1b-42fd-9981-30fe0d272182",
              "uniqueName": "thomas.luce@gmail.com",
              "url": "https://spsprodcus4.vssps.visualstudio.com/Ab7805cb5-c11a-492d-a52f-d8e15210042a/_apis/Identities/a6374253-7f1b-42fd-9981-30fe0d272182",
            },
          },
        },
      ],
      "_type": "azure_devops_user",
      "createdOn": undefined,
      "description": "aad.YjUzMDBmMTMtODc3OC03NWQwLWEyMWQtNTRjMGJiZjAxNDQz",
      "displayName": "Thomas Luce",
      "email": "thomas.luce@gmail.com",
      "imageLink": "https://dev.azure.com/tkcasey1/_api/_common/identityImage?id=a6374253-7f1b-42fd-9981-30fe0d272182",
      "name": "Thomas Luce",
      "profileLink": undefined,
      "username": "thomas.luce@gmail.com",
      "webLink": "https://spsprodcus4.vssps.visualstudio.com/Ab7805cb5-c11a-492d-a52f-d8e15210042a/_apis/Identities/a6374253-7f1b-42fd-9981-30fe0d272182",
    },
    Object {
      "_class": Array [
        "UserGroup",
      ],
      "_key": "7dba04a8-12a9-49ae-b646-77b6fe11bf53",
      "_rawData": Array [
        Object {
          "name": "default",
          "rawData": Object {
            "description": "The default project team.",
            "id": "7dba04a8-12a9-49ae-b646-77b6fe11bf53",
            "identityUrl": "https://spsprodcus4.vssps.visualstudio.com/Ab7805cb5-c11a-492d-a52f-d8e15210042a/_apis/Identities/7dba04a8-12a9-49ae-b646-77b6fe11bf53",
            "name": "Initial Project Team",
            "projectId": "d5ec9e77-afa6-45c9-a2a5-2e015714f4fa",
            "projectName": "Initial Project",
            "url": "https://dev.azure.com/tkcasey1/_apis/projects/d5ec9e77-afa6-45c9-a2a5-2e015714f4fa/teams/7dba04a8-12a9-49ae-b646-77b6fe11bf53",
            "users": Array [
              Object {
                "id": "ba1904ec-e70b-6a46-9949-131ecb022f58",
              },
              Object {
                "id": "a6374253-7f1b-42fd-9981-30fe0d272182",
              },
            ],
          },
        },
      ],
      "_type": "azure_devops_team",
      "createdOn": undefined,
      "description": "The default project team.",
      "displayName": "Initial Project Team",
      "id": "7dba04a8-12a9-49ae-b646-77b6fe11bf53",
      "identityUrl": "https://spsprodcus4.vssps.visualstudio.com/Ab7805cb5-c11a-492d-a52f-d8e15210042a/_apis/Identities/7dba04a8-12a9-49ae-b646-77b6fe11bf53",
      "name": "Initial Project Team",
      "projectId": "d5ec9e77-afa6-45c9-a2a5-2e015714f4fa",
      "projectName": "Initial Project",
      "webLink": "https://dev.azure.com/tkcasey1/_apis/projects/d5ec9e77-afa6-45c9-a2a5-2e015714f4fa/teams/7dba04a8-12a9-49ae-b646-77b6fe11bf53",
    },
    Object {
      "_class": Array [
        "UserGroup",
      ],
      "_key": "68646bd1-db9c-4e38-9d5f-09eb990fc0b9",
      "_rawData": Array [
        Object {
          "name": "default",
          "rawData": Object {
            "description": "The default project team.",
            "id": "68646bd1-db9c-4e38-9d5f-09eb990fc0b9",
            "identityUrl": "https://spsprodcus4.vssps.visualstudio.com/Ab7805cb5-c11a-492d-a52f-d8e15210042a/_apis/Identities/68646bd1-db9c-4e38-9d5f-09eb990fc0b9",
            "name": "Project Beta Team",
            "projectId": "46464f21-a350-4ade-8a9d-cdac1b959b21",
            "projectName": "Project Beta",
            "url": "https://dev.azure.com/tkcasey1/_apis/projects/46464f21-a350-4ade-8a9d-cdac1b959b21/teams/68646bd1-db9c-4e38-9d5f-09eb990fc0b9",
            "users": Array [
              Object {
                "id": "ba1904ec-e70b-6a46-9949-131ecb022f58",
              },
            ],
          },
        },
      ],
      "_type": "azure_devops_team",
      "createdOn": undefined,
      "description": "The default project team.",
      "displayName": "Project Beta Team",
      "id": "68646bd1-db9c-4e38-9d5f-09eb990fc0b9",
      "identityUrl": "https://spsprodcus4.vssps.visualstudio.com/Ab7805cb5-c11a-492d-a52f-d8e15210042a/_apis/Identities/68646bd1-db9c-4e38-9d5f-09eb990fc0b9",
      "name": "Project Beta Team",
      "projectId": "46464f21-a350-4ade-8a9d-cdac1b959b21",
      "projectName": "Project Beta",
      "webLink": "https://dev.azure.com/tkcasey1/_apis/projects/46464f21-a350-4ade-8a9d-cdac1b959b21/teams/68646bd1-db9c-4e38-9d5f-09eb990fc0b9",
    },
  ],
  "collectedRelationships": Array [
    Object {
      "_class": "HAS",
      "_fromEntityKey": "azure-devops-account:local-integration-instance",
      "_key": "azure-devops-account:local-integration-instance|has|46464f21-a350-4ade-8a9d-cdac1b959b21",
      "_toEntityKey": "46464f21-a350-4ade-8a9d-cdac1b959b21",
      "_type": "azure_devops_account_has_project",
      "displayName": "HAS",
    },
    Object {
      "_class": "HAS",
      "_fromEntityKey": "azure-devops-account:local-integration-instance",
      "_key": "azure-devops-account:local-integration-instance|has|d5ec9e77-afa6-45c9-a2a5-2e015714f4fa",
      "_toEntityKey": "d5ec9e77-afa6-45c9-a2a5-2e015714f4fa",
      "_type": "azure_devops_account_has_project",
      "displayName": "HAS",
    },
    Object {
      "_class": "HAS",
      "_fromEntityKey": "d5ec9e77-afa6-45c9-a2a5-2e015714f4fa",
      "_key": "d5ec9e77-afa6-45c9-a2a5-2e015714f4fa|has|d5ec9e77-afa6-45c9-a2a5-2e015714f4fa1",
      "_toEntityKey": "d5ec9e77-afa6-45c9-a2a5-2e015714f4fa1",
      "_type": "azure_devops_project_has_work_item",
      "displayName": "HAS",
    },
    Object {
      "_class": "HAS",
      "_fromEntityKey": "d5ec9e77-afa6-45c9-a2a5-2e015714f4fa",
      "_key": "d5ec9e77-afa6-45c9-a2a5-2e015714f4fa|has|d5ec9e77-afa6-45c9-a2a5-2e015714f4fa2",
      "_toEntityKey": "d5ec9e77-afa6-45c9-a2a5-2e015714f4fa2",
      "_type": "azure_devops_project_has_work_item",
      "displayName": "HAS",
    },
    Object {
      "_class": "HAS",
      "_fromEntityKey": "azure-devops-account:local-integration-instance",
      "_key": "azure-devops-account:local-integration-instance|has|ba1904ec-e70b-6a46-9949-131ecb022f58",
      "_toEntityKey": "ba1904ec-e70b-6a46-9949-131ecb022f58",
      "_type": "azure_devops_account_has_user",
      "displayName": "HAS",
    },
    Object {
      "_class": "HAS",
      "_fromEntityKey": "azure-devops-account:local-integration-instance",
      "_key": "azure-devops-account:local-integration-instance|has|a6374253-7f1b-42fd-9981-30fe0d272182",
      "_toEntityKey": "a6374253-7f1b-42fd-9981-30fe0d272182",
      "_type": "azure_devops_account_has_user",
      "displayName": "HAS",
    },
    Object {
      "_class": "HAS",
      "_fromEntityKey": "azure-devops-account:local-integration-instance",
      "_key": "azure-devops-account:local-integration-instance|has|7dba04a8-12a9-49ae-b646-77b6fe11bf53",
      "_toEntityKey": "7dba04a8-12a9-49ae-b646-77b6fe11bf53",
      "_type": "azure_devops_account_has_team",
      "displayName": "HAS",
    },
    Object {
      "_class": "HAS",
      "_fromEntityKey": "7dba04a8-12a9-49ae-b646-77b6fe11bf53",
      "_key": "7dba04a8-12a9-49ae-b646-77b6fe11bf53|has|ba1904ec-e70b-6a46-9949-131ecb022f58",
      "_toEntityKey": "ba1904ec-e70b-6a46-9949-131ecb022f58",
      "_type": "azure_devops_team_has_user",
      "displayName": "HAS",
    },
    Object {
      "_class": "HAS",
      "_fromEntityKey": "7dba04a8-12a9-49ae-b646-77b6fe11bf53",
      "_key": "7dba04a8-12a9-49ae-b646-77b6fe11bf53|has|a6374253-7f1b-42fd-9981-30fe0d272182",
      "_toEntityKey": "a6374253-7f1b-42fd-9981-30fe0d272182",
      "_type": "azure_devops_team_has_user",
      "displayName": "HAS",
    },
    Object {
      "_class": "HAS",
      "_fromEntityKey": "d5ec9e77-afa6-45c9-a2a5-2e015714f4fa",
      "_key": "d5ec9e77-afa6-45c9-a2a5-2e015714f4fa|has|7dba04a8-12a9-49ae-b646-77b6fe11bf53",
      "_toEntityKey": "7dba04a8-12a9-49ae-b646-77b6fe11bf53",
      "_type": "azure_devops_project_has_team",
      "displayName": "HAS",
    },
    Object {
      "_class": "HAS",
      "_fromEntityKey": "azure-devops-account:local-integration-instance",
      "_key": "azure-devops-account:local-integration-instance|has|68646bd1-db9c-4e38-9d5f-09eb990fc0b9",
      "_toEntityKey": "68646bd1-db9c-4e38-9d5f-09eb990fc0b9",
      "_type": "azure_devops_account_has_team",
      "displayName": "HAS",
    },
    Object {
      "_class": "HAS",
      "_fromEntityKey": "68646bd1-db9c-4e38-9d5f-09eb990fc0b9",
      "_key": "68646bd1-db9c-4e38-9d5f-09eb990fc0b9|has|ba1904ec-e70b-6a46-9949-131ecb022f58",
      "_toEntityKey": "ba1904ec-e70b-6a46-9949-131ecb022f58",
      "_type": "azure_devops_team_has_user",
      "displayName": "HAS",
    },
    Object {
      "_class": "HAS",
      "_fromEntityKey": "46464f21-a350-4ade-8a9d-cdac1b959b21",
      "_key": "46464f21-a350-4ade-8a9d-cdac1b959b21|has|68646bd1-db9c-4e38-9d5f-09eb990fc0b9",
      "_toEntityKey": "68646bd1-db9c-4e38-9d5f-09eb990fc0b9",
      "_type": "azure_devops_project_has_team",
      "displayName": "HAS",
    },
  ],
  "encounteredTypes": Array [
    "azure_devops_account",
    "azure_devops_project",
    "azure_devops_account_has_project",
    "azure_devops_work_item",
    "azure_devops_project_has_work_item",
    "azure_devops_user",
    "azure_devops_account_has_user",
    "azure_devops_team",
    "azure_devops_account_has_team",
    "azure_devops_team_has_user",
    "azure_devops_project_has_team",
  ],
  "numCollectedEntities": 9,
  "numCollectedRelationships": 13,
}
`;
