// Jest Snapshot v1, https://goo.gl/fbAQLP

exports[`should collect data 1`] = `
Object {
  "collectedEntities": Array [
    Object {
      "_class": Array [
        "Account",
      ],
      "_key": "azure-devops-account:local-integration-instance",
      "_rawData": Array [
        Object {
          "name": "default",
          "rawData": Object {
            "id": "azure-devops",
            "name": "Azure Devops Account",
          },
        },
      ],
      "_type": "azure_devops_account",
      "createdOn": undefined,
      "displayName": "Azure Devops - Local Integration",
      "id": "azure-devops",
      "name": "Azure Devops - Local Integration",
    },
    Object { 
      id: '46464f21-a350-4ade-8a9d-cdac1b959b21',
      name: 'Project Beta',
      description: 'This project isn\'t really quite as cool, but it\'s alright.',
      _type: 'azure_devops_project', 
      _class: [ 'Project' ],
      _key: '46464f21-a350-4ade-8a9d-cdac1b959b21',
      displayName: 'Project Beta',  
      abbreviation: undefined, 
      webLink: 'https://dev.azure.com/tkcasey1/_apis/projects/46464f21-a350-4ade-8a9d-cdac1b959b21',
      state: 'wellFormed',
      revision: 20,
      visibility: 0,  
      createdOn: undefined, 
      updatedOn: undefined,  
      _rawData: [ [Object] ] 
    },
    Object { 
      id: 'd5ec9e77-afa6-45c9-a2a5-2e015714f4fa', 
      name: 'Initial Project', 
      description: 'This is a great project. No, really, it is.', 
      _type: 'azure_devops_project',
      _class: [ 'Project' ], 
      _key: 'd5ec9e77-afa6-45c9-a2a5-2e015714f4fa',
      displayName: 'Initial Project', 
      abbreviation: undefined, 
      webLink: 'https://dev.azure.com/tkcasey1/_apis/projects/d5ec9e77-afa6-45c9-a2a5-2e015714f4fa',
      state: 'wellFormed',
      revision: 12, 
      visibility: 0, 
      createdOn: undefined, 
      updatedOn: undefined,
      _rawData: [ [Object] ] 
    },
    Object { 
      _type: 'azure_devops_work_item', 
      _class: [ 'Record' ], 
      _key: 'd5ec9e77-afa6-45c9-a2a5-2e015714f4fa1',
      name: 'Test Epic',
      displayName: 'Test Epic', 
      type: 'Epic', 
      webLink: undefined, 
      workItemType: 'Epic', 
      description: undefined,
      projectId: 'd5ec9e77-afa6-45c9-a2a5-2e015714f4fa', 
      projectName: 'Initial Project',
      teamProject: 'Initial Project', 
      revision: 1, 
      areaPath: 'Initial Project',  
      interationPath: 'Initial Project',  
      state: 'To Do', 
      reason: 'Added to backlog',
      createdDate: '2020-11-17T21:18:40.36Z', 
      createdBy: 'Kevin Casey <tkcasey1@sundevils.asu.edu>',  
      changedDate: '2020-11-17T21:18:40.36Z',
      changedBy: 'Kevin Casey <tkcasey1@sundevils.asu.edu>',
      commentCount: 1,
      stateChangeDate: '2020-11-17T21:18:40.36Z',
      priority: 2,
      history: undefined,  
      _rawData: [ [Object] ], 
      createdOn: undefined 
    },
    Object { 
      _type: 'azure_devops_work_item',
      _class: [ 'Record' ], 
      _key: 'd5ec9e77-afa6-45c9-a2a5-2e015714f4fa2',
      name: 'Top Level Task',
      displayName: 'Top Level Task',
      type: 'Task',
      webLink: undefined,
      workItemType: 'Task', 
      description: undefined,
      projectId: 'd5ec9e77-afa6-45c9-a2a5-2e015714f4fa',
      projectName: 'Initial Project',
      teamProject: 'Initial Project',
      revision: 1,
      areaPath: 'Initial Project',
      interationPath: 'Initial Project',
      state: 'To Do',
      reason: 'Added to backlog',
      createdDate: '2020-11-17T21:19:19.85Z',
      createdBy: 'Kevin Casey <tkcasey1@sundevils.asu.edu>',
      changedDate: '2020-11-17T21:19:19.85Z', 
      changedBy: 'Kevin Casey <tkcasey1@sundevils.asu.edu>',
      commentCount: 0, 
      stateChangeDate: '2020-11-17T21:19:19.85Z', 
      priority: 2, 
      history: undefined, 
      _rawData: [ [Object] ],
      createdOn: undefined 
    },
    Object { 
      _type: 'azure_devops_user',
      _class: [ 'User' ], 
      _key: 'ba1904ec-e70b-6a46-9949-131ecb022f58', 
      name: 'Kevin Casey',
      displayName: 'Kevin Casey',
      email: 'tkcasey1@sundevils.asu.edu', 
      username: 'tkcasey1@sundevils.asu.edu',
      webLink: 'https://spsprodcus4.vssps.visualstudio.com/Ab7805cb5-c11a-492d-a52f-d8e15210042a/_apis/Identities/ba1904ec-e70b-6a46-9949-131ecb022f58',
      imageLink: 'https://dev.azure.com/tkcasey1/_api/_common/identityImage?id=ba1904ec-e70b-6a46-9949-131ecb022f58',
      description: 'aad.YmExOTA0ZWMtZTcwYi03YTQ2LTk5NDktMTMxZWNiMDIyZjU4',  
      profileLink: undefined,
      _rawData: [ [Object] ],
      createdOn: undefined 
      },
    Object { 
      _type: 'azure_devops_user',
      _class: [ 'User' ],
      _key: 'a6374253-7f1b-42fd-9981-30fe0d272182',
      name: 'Thomas Luce',
      displayName: 'Thomas Luce',
      email: 'thomas.luce@gmail.com',
      username: 'thomas.luce@gmail.com',
      webLink: 'https://spsprodcus4.vssps.visualstudio.com/Ab7805cb5-c11a-492d-a52f-d8e15210042a/_apis/Identities/a6374253-7f1b-42fd-9981-30fe0d272182',
      imageLink: 'https://dev.azure.com/tkcasey1/_api/_common/identityImage?id=a6374253-7f1b-42fd-9981-30fe0d272182',
      description: 'aad.YjUzMDBmMTMtODc3OC03NWQwLWEyMWQtNTRjMGJiZjAxNDQz', 
      profileLink: undefined,
      _rawData: [ [Object] ],
      createdOn: undefined 
    },
    Object { 
      id: '7dba04a8-12a9-49ae-b646-77b6fe11bf53',
      name: 'Initial Project Team', 
      description: 'The default project team.',
      _type: 'azure_devops_team',
      _class: [ 'UserGroup' ], 
      _key: '7dba04a8-12a9-49ae-b646-77b6fe11bf53',
      displayName: 'Initial Project Team',
      webLink: 'https://dev.azure.com/tkcasey1/_apis/projects/d5ec9e77-afa6-45c9-a2a5-2e015714f4fa/teams/7dba04a8-12a9-49ae-b646-77b6fe11bf53',
      identityUrl: 'https://spsprodcus4.vssps.visualstudio.com/Ab7805cb5-c11a-492d-a52f-d8e15210042a/_apis/Identities/7dba04a8-12a9-49ae-b646-77b6fe11bf53',
      projectName: 'Initial Project',
      projectId: 'd5ec9e77-afa6-45c9-a2a5-2e015714f4fa',
      _rawData: [ [Object] ], 
      createdOn: undefined 
    },
    Object { 
      id: '68646bd1-db9c-4e38-9d5f-09eb990fc0b9',
      name: 'Project Beta Team',
      description: 'The default project team.', 
      _type: 'azure_devops_team',
      _class: [ 'UserGroup' ], 
      _key: '68646bd1-db9c-4e38-9d5f-09eb990fc0b9', 
      displayName: 'Project Beta Team', 
      webLink: 'https://dev.azure.com/tkcasey1/_apis/projects/46464f21-a350-4ade-8a9d-cdac1b959b21/teams/68646bd1-db9c-4e38-9d5f-09eb990fc0b9',
      identityUrl: 'https://spsprodcus4.vssps.visualstudio.com/Ab7805cb5-c11a-492d-a52f-d8e15210042a/_apis/Identities/68646bd1-db9c-4e38-9d5f-09eb990fc0b9',
      projectName: 'Project Beta',
      projectId: '46464f21-a350-4ade-8a9d-cdac1b959b21',
      _rawData: [ [Object] ], 
      createdOn: undefined 
    },    
  ],
  "collectedRelationships": Array [
    Object { 
      _key: 'azure-devops-account:local-integration-instance|has|46464f21-a350-4ade-8a9d-cdac1b959b21',
      _type: 'azure_devops_account_has_project',
      _class: 'HAS',
      _fromEntityKey: 'azure-devops-account:local-integration-instance',
      _toEntityKey: '46464f21-a350-4ade-8a9d-cdac1b959b21',
      displayName: 'HAS' 
    },
    Object { 
      _key: 'azure-devops-account:local-integration-instance|has|d5ec9e77-afa6-45c9-a2a5-2e015714f4fa',
      _type: 'azure_devops_account_has_project', 
      _class: 'HAS',
      _fromEntityKey: 'azure-devops-account:local-integration-instance', 
      _toEntityKey: 'd5ec9e77-afa6-45c9-a2a5-2e015714f4fa', 
      displayName: 'HAS' 
    },
    Object { 
      _key: 'd5ec9e77-afa6-45c9-a2a5-2e015714f4fa|has|d5ec9e77-afa6-45c9-a2a5-2e015714f4fa1',
      _type: 'azure_devops_project_has_work_item',
      _class: 'HAS',     
      _fromEntityKey: 'd5ec9e77-afa6-45c9-a2a5-2e015714f4fa',
      _toEntityKey: 'd5ec9e77-afa6-45c9-a2a5-2e015714f4fa1', 
      displayName: 'HAS' 
    },
    Object { 
      _key: 'd5ec9e77-afa6-45c9-a2a5-2e015714f4fa|has|d5ec9e77-afa6-45c9-a2a5-2e015714f4fa2',
      _type: 'azure_devops_project_has_work_item',  
      _class: 'HAS', 
      _fromEntityKey: 'd5ec9e77-afa6-45c9-a2a5-2e015714f4fa', 
      _toEntityKey: 'd5ec9e77-afa6-45c9-a2a5-2e015714f4fa2', 
      displayName: 'HAS' 
    }, 
    Object { 
      _key: 'azure-devops-account:local-integration-instance|has|ba1904ec-e70b-6a46-9949-131ecb022f58',
      _type: 'azure_devops_account_has_user',
      _class: 'HAS',
      _fromEntityKey: 'azure-devops-account:local-integration-instance',
      _toEntityKey: 'ba1904ec-e70b-6a46-9949-131ecb022f58', 
      displayName: 'HAS' 
    },
    Object { 
      _key: 'azure-devops-account:local-integration-instance|has|a6374253-7f1b-42fd-9981-30fe0d272182',
      _type: 'azure_devops_account_has_user', 
      _class: 'HAS', 
      _fromEntityKey: 'azure-devops-account:local-integration-instance', 
      _toEntityKey: 'a6374253-7f1b-42fd-9981-30fe0d272182', 
      displayName: 'HAS' 
    },
    Object { 
      _key: 'azure-devops-account:local-integration-instance|has|7dba04a8-12a9-49ae-b646-77b6fe11bf53',
      _type: 'azure_devops_account_has_team',
      _class: 'HAS', 
      _fromEntityKey: 'azure-devops-account:local-integration-instance',
      _toEntityKey: '7dba04a8-12a9-49ae-b646-77b6fe11bf53', 
      displayName: 'HAS' 
    },
    Object { 
      _key: '7dba04a8-12a9-49ae-b646-77b6fe11bf53|has|ba1904ec-e70b-6a46-9949-131ecb022f58',
      _type: 'azure_devops_team_has_user',
      _class: 'HAS',
      _fromEntityKey: '7dba04a8-12a9-49ae-b646-77b6fe11bf53',
      _toEntityKey: 'ba1904ec-e70b-6a46-9949-131ecb022f58',
      displayName: 'HAS' 
    },
    Object { 
      _key: '7dba04a8-12a9-49ae-b646-77b6fe11bf53|has|a6374253-7f1b-42fd-9981-30fe0d272182',
      _type: 'azure_devops_team_has_user',
      _class: 'HAS',
      _fromEntityKey: '7dba04a8-12a9-49ae-b646-77b6fe11bf53',
      _toEntityKey: 'a6374253-7f1b-42fd-9981-30fe0d272182',
      displayName: 'HAS' 
    },
    Object { 
      _key: 'd5ec9e77-afa6-45c9-a2a5-2e015714f4fa|has|7dba04a8-12a9-49ae-b646-77b6fe11bf53',
      _type: 'azure_devops_project_has_team', 
      _class: 'HAS',
      _fromEntityKey: 'd5ec9e77-afa6-45c9-a2a5-2e015714f4fa',
      _toEntityKey: '7dba04a8-12a9-49ae-b646-77b6fe11bf53',   
      displayName: 'HAS' 
    },
    Object { 
      _key: 'azure-devops-account:local-integration-instance|has|68646bd1-db9c-4e38-9d5f-09eb990fc0b9',
      _type: 'azure_devops_account_has_team',
      _class: 'HAS',
      _fromEntityKey: 'azure-devops-account:local-integration-instance',
      _toEntityKey: '68646bd1-db9c-4e38-9d5f-09eb990fc0b9',
      displayName: 'HAS' 
    },
    Object { 
      _key: '68646bd1-db9c-4e38-9d5f-09eb990fc0b9|has|ba1904ec-e70b-6a46-9949-131ecb022f58',
      _type: 'azure_devops_team_has_user',
      _class: 'HAS',
      _fromEntityKey: '68646bd1-db9c-4e38-9d5f-09eb990fc0b9', 
      _toEntityKey: 'ba1904ec-e70b-6a46-9949-131ecb022f58',
      displayName: 'HAS' 
    },
    Object { 
      _key: '46464f21-a350-4ade-8a9d-cdac1b959b21|has|68646bd1-db9c-4e38-9d5f-09eb990fc0b9',
      _type: 'azure_devops_project_has_team', 
      _class: 'HAS',
      _fromEntityKey: '46464f21-a350-4ade-8a9d-cdac1b959b21',
      _toEntityKey: '68646bd1-db9c-4e38-9d5f-09eb990fc0b9',
      displayName: 'HAS' 
    }  
  ],
  "encounteredTypes": Array [
    'azure_devops_account',
    'azure_devops_project',
    'azure_devops_account_has_project',
    'azure_devops_work_item',
    'azure_devops_project_has_work_item',
    'azure_devops_user', 
    'azure_devops_account_has_user',
    'azure_devops_team',
    'azure_devops_account_has_team', 
    'azure_devops_team_has_user', 
    'azure_devops_project_has_team',
  ],
  "numCollectedEntities": 9,
  "numCollectedRelationships": 13,
}
`;
